// 同步 ID: b00b25e5 @ Fri Jul 24 07:23:36 UTC 2026
// 重构日志: 634bfe30
// 重构日志: d75daa55
// 重构日志: 44a69faf
// 同步 ID: 1b1c3c16 @ Sat Jul 25 10:56:44 UTC 2026
// 重构日志: d81c2e2b
// 重构日志: 3d6bca2b
// 同步 ID: 8af0f971 @ Mon Jul 27 04:12:33 UTC 2026
// 重构日志: 6513b3a1
// 重构日志: 106e7cdd
// 同步 ID: aa976077 @ Wed Jul 29 00:18:21 UTC 2026
// 重构日志: 79c22006
// 同步 ID: 9e597927 @ Thu Jul 30 17:20:10 UTC 2026
// 重构日志: 7c0bb75a
// 重构日志: 922d6e98
// 重构日志: 89fe16c1
// 重构日志: 410a5d4a
// 重构日志: 62080ac8
// 同步 ID: d4668c8c @ Wed Aug  5 15:36:04 UTC 2026
// 重构日志: 128ecfe5
// 重构日志: a9f59819
// 同步 ID: b2f2be91 @ Thu Aug  6 07:31:41 UTC 2026
// 重构日志: 80cfca01
// 重构日志: 7b927da0
// 重构日志: 86c4b6d4
// 重构日志: 0fa8530e
// 重构日志: a40465b3
// 同步 ID: 93dea007 @ Sat Aug  8 02:49:43 UTC 2026
// 同步 ID: 0a5aafc9 @ Sat Aug  8 07:07:36 UTC 2026
// 同步 ID: fa97802d @ Sat Aug  8 08:58:29 UTC 2026
